current directory: /Users/wkoffel/dev/alfred/alfred-terminal-control/bundle/ruby/2.3.0/gems/nokogiri-1.5.9/ext/nokogiri
/System/Library/Frameworks/Ruby.framework/Versions/2.3/usr/bin/ruby -r ./siteconf20171015-32157-6b88s6.rb extconf.rb --use-system-libraries=true --with-xml2-include=/Applications/Xcode.app/Contents/Developer/Platforms/MacOSX.platform/Developer/SDKs/MacOSX10.13.sdk/usr/include/libxml2
checking for libxml/parser.h... yes
checking for libxslt/xslt.h... yes
checking for libexslt/exslt.h... yes
checking for iconv_open() in iconv.h... no
checking for iconv_open() in -liconv... yes
checking for xmlParseDoc() in -lxml2... no
-----
libxml2 is missing.  please visit http://nokogiri.org/tutorials/installing_nokogiri.html for help with installing dependencies.
-----
*** extconf.rb failed ***
Could not create Makefile due to some reason, probably lack of necessary
libraries and/or headers.  Check the mkmf.log file for more details.  You may
need configuration options.

Provided configuration options:
	--with-opt-dir
	--without-opt-dir
	--with-opt-include
	--without-opt-include=${opt-dir}/include
	--with-opt-lib
	--without-opt-lib=${opt-dir}/lib
	--with-make-prog
	--without-make-prog
	--srcdir=.
	--curdir
	--ruby=/System/Library/Frameworks/Ruby.framework/Versions/2.3/usr/bin/$(RUBY_BASE_NAME)
	--with-zlib-dir
	--without-zlib-dir
	--with-zlib-include
	--without-zlib-include=${zlib-dir}/include
	--with-zlib-lib
	--without-zlib-lib=${zlib-dir}/lib
	--with-iconv-dir
	--without-iconv-dir
	--with-iconv-include
	--without-iconv-include=${iconv-dir}/include
	--with-iconv-lib
	--without-iconv-lib=${iconv-dir}/lib
	--with-xml2-dir
	--without-xml2-dir
	--with-xml2-include=${xml2-dir}/include
	--with-xml2-lib
	--without-xml2-lib=${xml2-dir}/lib
	--with-xslt-dir
	--without-xslt-dir
	--with-xslt-include
	--without-xslt-include=${xslt-dir}/include
	--with-xslt-lib
	--without-xslt-lib=${xslt-dir}/lib
	--with-libxslt-config
	--without-libxslt-config
	--with-pkg-config
	--without-pkg-config
	--with-libxml-2.0-config
	--without-libxml-2.0-config
	--with-libiconv-config
	--without-libiconv-config
	--with-iconvlib
	--without-iconvlib
	--with-xml2lib
	--without-xml2lib

To see why this extension failed to compile, please check the mkmf.log which can be found here:

  /Users/wkoffel/dev/alfred/alfred-terminal-control/bundle/ruby/2.3.0/extensions/universal-darwin-17/2.3.0/nokogiri-1.5.9/mkmf.log

extconf failed, exit code 1
