"pkg-config --exists libxslt"
| pkg-config --libs libxslt
=> "-lxslt -lxml2 -lz -lpthread -licucore -lm -lxml2\n"
"xcrun clang -o conftest -I/System/Library/Frameworks/Ruby.framework/Versions/2.3/usr/include/ruby-2.3.0/universal-darwin17 -I/System/Library/Frameworks/Ruby.framework/Versions/2.3/usr/include/ruby-2.3.0/ruby/backward -I/System/Library/Frameworks/Ruby.framework/Versions/2.3/usr/include/ruby-2.3.0 -I. -I/Applications/Xcode.app/Contents/Developer/Platforms/MacOSX.platform/Developer/SDKs/MacOSX10.13.sdk/usr/include/libxml2 -I/opt/local/include -I/usr/local/include -I/System/Library/Frameworks/Ruby.framework/Versions/2.3/usr/include -I/usr/include -I/usr/include/libxml2 -D_XOPEN_SOURCE -D_DARWIN_C_SOURCE -D_DARWIN_UNLIMITED_SELECT -D_REENTRANT    -g -Os -pipe -DHAVE_GCC_ATOMIC_BUILTINS -iwithsysroot /usr/local/libressl/include  -g -DXP_UNIX conftest.c  -L. -L/System/Library/Frameworks/Ruby.framework/Versions/2.3/usr/lib -L/usr/local/opt/libxml2/lib -L/opt/local/lib -L/usr/local/lib -L/System/Library/Frameworks/Ruby.framework/Versions/2.3/usr/lib -L/usr/lib -L.             -L /BuildRoot/Applications/Xcode.app/Contents/Developer/Platforms/MacOSX.platform/Developer/SDKs/MacOSX10.13.Internal.sdk/usr/local/libressl/lib -L/BuildRoot/Applications/Xcode.app/Contents/Developer/Platforms/MacOSX.platform/Developer/SDKs/MacOSX10.13.Internal.sdk/usr/local/lib   -arch x86_64 -arch i386   -lruby.2.3.0  -lpthread -ldl -lobjc  "
ld: warning: directory not found for option '-L/opt/local/lib'
ld: warning: directory not found for option '-L/BuildRoot/Applications/Xcode.app/Contents/Developer/Platforms/MacOSX.platform/Developer/SDKs/MacOSX10.13.Internal.sdk/usr/local/libressl/lib'
ld: warning: directory not found for option '-L/BuildRoot/Applications/Xcode.app/Contents/Developer/Platforms/MacOSX.platform/Developer/SDKs/MacOSX10.13.Internal.sdk/usr/local/lib'
ld: warning: directory not found for option '-L/opt/local/lib'
ld: warning: directory not found for option '-L/BuildRoot/Applications/Xcode.app/Contents/Developer/Platforms/MacOSX.platform/Developer/SDKs/MacOSX10.13.Internal.sdk/usr/local/libressl/lib'
ld: warning: directory not found for option '-L/BuildRoot/Applications/Xcode.app/Contents/Developer/Platforms/MacOSX.platform/Developer/SDKs/MacOSX10.13.Internal.sdk/usr/local/lib'
checked program was:
/* begin */
1: #include "ruby.h"
2: 
3: int main(int argc, char **argv)
4: {
5:   return 0;
6: }
/* end */

"xcrun clang -o conftest -I/System/Library/Frameworks/Ruby.framework/Versions/2.3/usr/include/ruby-2.3.0/universal-darwin17 -I/System/Library/Frameworks/Ruby.framework/Versions/2.3/usr/include/ruby-2.3.0/ruby/backward -I/System/Library/Frameworks/Ruby.framework/Versions/2.3/usr/include/ruby-2.3.0 -I. -I/Applications/Xcode.app/Contents/Developer/Platforms/MacOSX.platform/Developer/SDKs/MacOSX10.13.sdk/usr/include/libxml2 -I/opt/local/include -I/usr/local/include -I/System/Library/Frameworks/Ruby.framework/Versions/2.3/usr/include -I/usr/include -I/usr/include/libxml2 -D_XOPEN_SOURCE -D_DARWIN_C_SOURCE -D_DARWIN_UNLIMITED_SELECT -D_REENTRANT    -g -Os -pipe -DHAVE_GCC_ATOMIC_BUILTINS -iwithsysroot /usr/local/libressl/include  -g -DXP_UNIX conftest.c  -L. -L/System/Library/Frameworks/Ruby.framework/Versions/2.3/usr/lib -L/usr/local/opt/libxml2/lib -L/opt/local/lib -L/usr/local/lib -L/System/Library/Frameworks/Ruby.framework/Versions/2.3/usr/lib -L/usr/lib -L.             -L /BuildRoot/Applications/Xcode.app/Contents/Developer/Platforms/MacOSX.platform/Developer/SDKs/MacOSX10.13.Internal.sdk/usr/local/libressl/lib -L/BuildRoot/Applications/Xcode.app/Contents/Developer/Platforms/MacOSX.platform/Developer/SDKs/MacOSX10.13.Internal.sdk/usr/local/lib   -arch x86_64 -arch i386   -lruby.2.3.0 -lxslt -lxml2 -lz -lpthread -licucore -lm -lxml2 -lpthread -ldl -lobjc  "
ld: warning: directory not found for option '-L/opt/local/lib'
ld: warning: directory not found for option '-L/BuildRoot/Applications/Xcode.app/Contents/Developer/Platforms/MacOSX.platform/Developer/SDKs/MacOSX10.13.Internal.sdk/usr/local/libressl/lib'
ld: warning: directory not found for option '-L/BuildRoot/Applications/Xcode.app/Contents/Developer/Platforms/MacOSX.platform/Developer/SDKs/MacOSX10.13.Internal.sdk/usr/local/lib'
ld: warning: directory not found for option '-L/opt/local/lib'
ld: warning: directory not found for option '-L/BuildRoot/Applications/Xcode.app/Contents/Developer/Platforms/MacOSX.platform/Developer/SDKs/MacOSX10.13.Internal.sdk/usr/local/libressl/lib'
ld: warning: directory not found for option '-L/BuildRoot/Applications/Xcode.app/Contents/Developer/Platforms/MacOSX.platform/Developer/SDKs/MacOSX10.13.Internal.sdk/usr/local/lib'
ld: warning: ignoring file /usr/local/opt/libxml2/lib/libxml2.dylib, file was built for x86_64 which is not the architecture being linked (i386): /usr/local/opt/libxml2/lib/libxml2.dylib
checked program was:
/* begin */
1: #include "ruby.h"
2: 
3: int main(int argc, char **argv)
4: {
5:   return 0;
6: }
/* end */

package configuration for libxslt is not found
"pkg-config --exists libxml-2.0"
| pkg-config --libs libxml-2.0
=> "-lxml2\n"
"xcrun clang -o conftest -I/System/Library/Frameworks/Ruby.framework/Versions/2.3/usr/include/ruby-2.3.0/universal-darwin17 -I/System/Library/Frameworks/Ruby.framework/Versions/2.3/usr/include/ruby-2.3.0/ruby/backward -I/System/Library/Frameworks/Ruby.framework/Versions/2.3/usr/include/ruby-2.3.0 -I. -I/Applications/Xcode.app/Contents/Developer/Platforms/MacOSX.platform/Developer/SDKs/MacOSX10.13.sdk/usr/include/libxml2 -I/opt/local/include -I/usr/local/include -I/System/Library/Frameworks/Ruby.framework/Versions/2.3/usr/include -I/usr/include -I/usr/include/libxml2 -D_XOPEN_SOURCE -D_DARWIN_C_SOURCE -D_DARWIN_UNLIMITED_SELECT -D_REENTRANT    -g -Os -pipe -DHAVE_GCC_ATOMIC_BUILTINS -iwithsysroot /usr/local/libressl/include  -g -DXP_UNIX conftest.c  -L. -L/System/Library/Frameworks/Ruby.framework/Versions/2.3/usr/lib -L/usr/local/opt/libxml2/lib -L/opt/local/lib -L/usr/local/lib -L/System/Library/Frameworks/Ruby.framework/Versions/2.3/usr/lib -L/usr/lib -L.             -L /BuildRoot/Applications/Xcode.app/Contents/Developer/Platforms/MacOSX.platform/Developer/SDKs/MacOSX10.13.Internal.sdk/usr/local/libressl/lib -L/BuildRoot/Applications/Xcode.app/Contents/Developer/Platforms/MacOSX.platform/Developer/SDKs/MacOSX10.13.Internal.sdk/usr/local/lib   -arch x86_64 -arch i386   -lruby.2.3.0 -lxml2 -lpthread -ldl -lobjc  "
ld: warning: directory not found for option '-L/opt/local/lib'
ld: warning: directory not found for option '-L/BuildRoot/Applications/Xcode.app/Contents/Developer/Platforms/MacOSX.platform/Developer/SDKs/MacOSX10.13.Internal.sdk/usr/local/libressl/lib'
ld: warning: directory not found for option '-L/BuildRoot/Applications/Xcode.app/Contents/Developer/Platforms/MacOSX.platform/Developer/SDKs/MacOSX10.13.Internal.sdk/usr/local/lib'
ld: warning: directory not found for option '-L/opt/local/lib'
ld: warning: directory not found for option '-L/BuildRoot/Applications/Xcode.app/Contents/Developer/Platforms/MacOSX.platform/Developer/SDKs/MacOSX10.13.Internal.sdk/usr/local/libressl/lib'
ld: warning: directory not found for option '-L/BuildRoot/Applications/Xcode.app/Contents/Developer/Platforms/MacOSX.platform/Developer/SDKs/MacOSX10.13.Internal.sdk/usr/local/lib'
ld: warning: ignoring file /usr/local/opt/libxml2/lib/libxml2.dylib, file was built for x86_64 which is not the architecture being linked (i386): /usr/local/opt/libxml2/lib/libxml2.dylib
checked program was:
/* begin */
1: #include "ruby.h"
2: 
3: int main(int argc, char **argv)
4: {
5:   return 0;
6: }
/* end */

package configuration for libxml-2.0 is not found
"pkg-config --exists libiconv"
package configuration for libiconv is not found
find_header: checking for libxml/parser.h... -------------------- yes

"xcrun clang -I/System/Library/Frameworks/Ruby.framework/Versions/2.3/usr/include/ruby-2.3.0/universal-darwin17 -I/System/Library/Frameworks/Ruby.framework/Versions/2.3/usr/include/ruby-2.3.0/ruby/backward -I/System/Library/Frameworks/Ruby.framework/Versions/2.3/usr/include/ruby-2.3.0 -I. -I/Applications/Xcode.app/Contents/Developer/Platforms/MacOSX.platform/Developer/SDKs/MacOSX10.13.sdk/usr/include/libxml2 -I/opt/local/include -I/usr/local/include -I/System/Library/Frameworks/Ruby.framework/Versions/2.3/usr/include -I/usr/include -I/usr/include/libxml2 -D_XOPEN_SOURCE -D_DARWIN_C_SOURCE -D_DARWIN_UNLIMITED_SELECT -D_REENTRANT    -g -Os -pipe -DHAVE_GCC_ATOMIC_BUILTINS -iwithsysroot /usr/local/libressl/include  -g -DXP_UNIX  -arch x86_64 -arch i386  -c conftest.c"
checked program was:
/* begin */
1: #include "ruby.h"
2: 
3: #include <libxml/parser.h>
/* end */

--------------------

find_header: checking for libxslt/xslt.h... -------------------- yes

"xcrun clang -I/System/Library/Frameworks/Ruby.framework/Versions/2.3/usr/include/ruby-2.3.0/universal-darwin17 -I/System/Library/Frameworks/Ruby.framework/Versions/2.3/usr/include/ruby-2.3.0/ruby/backward -I/System/Library/Frameworks/Ruby.framework/Versions/2.3/usr/include/ruby-2.3.0 -I. -I/Applications/Xcode.app/Contents/Developer/Platforms/MacOSX.platform/Developer/SDKs/MacOSX10.13.sdk/usr/include/libxml2 -I/opt/local/include -I/usr/local/include -I/System/Library/Frameworks/Ruby.framework/Versions/2.3/usr/include -I/usr/include -I/usr/include/libxml2 -D_XOPEN_SOURCE -D_DARWIN_C_SOURCE -D_DARWIN_UNLIMITED_SELECT -D_REENTRANT    -g -Os -pipe -DHAVE_GCC_ATOMIC_BUILTINS -iwithsysroot /usr/local/libressl/include  -g -DXP_UNIX  -arch x86_64 -arch i386  -c conftest.c"
checked program was:
/* begin */
1: #include "ruby.h"
2: 
3: #include <libxslt/xslt.h>
/* end */

--------------------

find_header: checking for libexslt/exslt.h... -------------------- yes

"xcrun clang -I/System/Library/Frameworks/Ruby.framework/Versions/2.3/usr/include/ruby-2.3.0/universal-darwin17 -I/System/Library/Frameworks/Ruby.framework/Versions/2.3/usr/include/ruby-2.3.0/ruby/backward -I/System/Library/Frameworks/Ruby.framework/Versions/2.3/usr/include/ruby-2.3.0 -I. -I/Applications/Xcode.app/Contents/Developer/Platforms/MacOSX.platform/Developer/SDKs/MacOSX10.13.sdk/usr/include/libxml2 -I/opt/local/include -I/usr/local/include -I/System/Library/Frameworks/Ruby.framework/Versions/2.3/usr/include -I/usr/include -I/usr/include/libxml2 -D_XOPEN_SOURCE -D_DARWIN_C_SOURCE -D_DARWIN_UNLIMITED_SELECT -D_REENTRANT    -g -Os -pipe -DHAVE_GCC_ATOMIC_BUILTINS -iwithsysroot /usr/local/libressl/include  -g -DXP_UNIX  -arch x86_64 -arch i386  -c conftest.c"
checked program was:
/* begin */
1: #include "ruby.h"
2: 
3: #include <libexslt/exslt.h>
/* end */

--------------------

have_func: checking for iconv_open() in iconv.h... -------------------- no

"xcrun clang -o conftest -I/System/Library/Frameworks/Ruby.framework/Versions/2.3/usr/include/ruby-2.3.0/universal-darwin17 -I/System/Library/Frameworks/Ruby.framework/Versions/2.3/usr/include/ruby-2.3.0/ruby/backward -I/System/Library/Frameworks/Ruby.framework/Versions/2.3/usr/include/ruby-2.3.0 -I. -I/Applications/Xcode.app/Contents/Developer/Platforms/MacOSX.platform/Developer/SDKs/MacOSX10.13.sdk/usr/include/libxml2 -I/opt/local/include -I/usr/local/include -I/System/Library/Frameworks/Ruby.framework/Versions/2.3/usr/include -I/usr/include -I/usr/include/libxml2 -D_XOPEN_SOURCE -D_DARWIN_C_SOURCE -D_DARWIN_UNLIMITED_SELECT -D_REENTRANT    -g -Os -pipe -DHAVE_GCC_ATOMIC_BUILTINS -iwithsysroot /usr/local/libressl/include  -g -DXP_UNIX conftest.c  -L. -L/System/Library/Frameworks/Ruby.framework/Versions/2.3/usr/lib -L/usr/local/opt/libxml2/lib -L/opt/local/lib -L/usr/local/lib -L/System/Library/Frameworks/Ruby.framework/Versions/2.3/usr/lib -L/usr/lib -L.             -L /BuildRoot/Applications/Xcode.app/Contents/Developer/Platforms/MacOSX.platform/Developer/SDKs/MacOSX10.13.Internal.sdk/usr/local/libressl/lib -L/BuildRoot/Applications/Xcode.app/Contents/Developer/Platforms/MacOSX.platform/Developer/SDKs/MacOSX10.13.Internal.sdk/usr/local/lib   -arch x86_64 -arch i386   -lruby.2.3.0  -lpthread -ldl -lobjc  "
ld: warning: directory not found for option '-L/opt/local/lib'
ld: warning: directory not found for option '-L/BuildRoot/Applications/Xcode.app/Contents/Developer/Platforms/MacOSX.platform/Developer/SDKs/MacOSX10.13.Internal.sdk/usr/local/libressl/lib'
ld: warning: directory not found for option '-L/BuildRoot/Applications/Xcode.app/Contents/Developer/Platforms/MacOSX.platform/Developer/SDKs/MacOSX10.13.Internal.sdk/usr/local/lib'
Undefined symbols for architecture x86_64:
  "_iconv_open", referenced from:
      _t in conftest-fea2e0.o
ld: symbol(s) not found for architecture x86_64
clang: error: linker command failed with exit code 1 (use -v to see invocation)
checked program was:
/* begin */
 1: #include "ruby.h"
 2: 
 3: #include <iconv.h>
 4: 
 5: /*top*/
 6: extern int t(void);
 7: int main(int argc, char **argv)
 8: {
 9:   if (argc > 1000000) {
10:     printf("%p", &t);
11:   }
12: 
13:   return 0;
14: }
15: int t(void) { void ((*volatile p)()); p = (void ((*)()))iconv_open; return !p; }
/* end */

"xcrun clang -o conftest -I/System/Library/Frameworks/Ruby.framework/Versions/2.3/usr/include/ruby-2.3.0/universal-darwin17 -I/System/Library/Frameworks/Ruby.framework/Versions/2.3/usr/include/ruby-2.3.0/ruby/backward -I/System/Library/Frameworks/Ruby.framework/Versions/2.3/usr/include/ruby-2.3.0 -I. -I/Applications/Xcode.app/Contents/Developer/Platforms/MacOSX.platform/Developer/SDKs/MacOSX10.13.sdk/usr/include/libxml2 -I/opt/local/include -I/usr/local/include -I/System/Library/Frameworks/Ruby.framework/Versions/2.3/usr/include -I/usr/include -I/usr/include/libxml2 -D_XOPEN_SOURCE -D_DARWIN_C_SOURCE -D_DARWIN_UNLIMITED_SELECT -D_REENTRANT    -g -Os -pipe -DHAVE_GCC_ATOMIC_BUILTINS -iwithsysroot /usr/local/libressl/include  -g -DXP_UNIX conftest.c  -L. -L/System/Library/Frameworks/Ruby.framework/Versions/2.3/usr/lib -L/usr/local/opt/libxml2/lib -L/opt/local/lib -L/usr/local/lib -L/System/Library/Frameworks/Ruby.framework/Versions/2.3/usr/lib -L/usr/lib -L.             -L /BuildRoot/Applications/Xcode.app/Contents/Developer/Platforms/MacOSX.platform/Developer/SDKs/MacOSX10.13.Internal.sdk/usr/local/libressl/lib -L/BuildRoot/Applications/Xcode.app/Contents/Developer/Platforms/MacOSX.platform/Developer/SDKs/MacOSX10.13.Internal.sdk/usr/local/lib   -arch x86_64 -arch i386   -lruby.2.3.0  -lpthread -ldl -lobjc  "
conftest.c:15:13: error: conflicting types for 'iconv_open'
extern void iconv_open();
            ^
/usr/include/iconv.h:62:9: note: previous declaration is here
iconv_t iconv_open (const char* /*tocode*/, const char* /*fromcode*/);
        ^
conftest.c:16:26: error: too few arguments to function call, expected 2, have 0
int t(void) { iconv_open(); return 0; }
              ~~~~~~~~~~ ^
/usr/include/iconv.h:62:1: note: 'iconv_open' declared here
iconv_t iconv_open (const char* /*tocode*/, const char* /*fromcode*/);
^
2 errors generated.
checked program was:
/* begin */
 1: #include "ruby.h"
 2: 
 3: #include <iconv.h>
 4: 
 5: /*top*/
 6: extern int t(void);
 7: int main(int argc, char **argv)
 8: {
 9:   if (argc > 1000000) {
10:     printf("%p", &t);
11:   }
12: 
13:   return 0;
14: }
15: extern void iconv_open();
16: int t(void) { iconv_open(); return 0; }
/* end */

--------------------

have_library: checking for iconv_open() in -liconv... -------------------- yes

"xcrun clang -o conftest -I/System/Library/Frameworks/Ruby.framework/Versions/2.3/usr/include/ruby-2.3.0/universal-darwin17 -I/System/Library/Frameworks/Ruby.framework/Versions/2.3/usr/include/ruby-2.3.0/ruby/backward -I/System/Library/Frameworks/Ruby.framework/Versions/2.3/usr/include/ruby-2.3.0 -I. -I/Applications/Xcode.app/Contents/Developer/Platforms/MacOSX.platform/Developer/SDKs/MacOSX10.13.sdk/usr/include/libxml2 -I/opt/local/include -I/usr/local/include -I/System/Library/Frameworks/Ruby.framework/Versions/2.3/usr/include -I/usr/include -I/usr/include/libxml2 -D_XOPEN_SOURCE -D_DARWIN_C_SOURCE -D_DARWIN_UNLIMITED_SELECT -D_REENTRANT    -g -Os -pipe -DHAVE_GCC_ATOMIC_BUILTINS -iwithsysroot /usr/local/libressl/include  -g -DXP_UNIX conftest.c  -L. -L/System/Library/Frameworks/Ruby.framework/Versions/2.3/usr/lib -L/usr/local/opt/libxml2/lib -L/opt/local/lib -L/usr/local/lib -L/System/Library/Frameworks/Ruby.framework/Versions/2.3/usr/lib -L/usr/lib -L.             -L /BuildRoot/Applications/Xcode.app/Contents/Developer/Platforms/MacOSX.platform/Developer/SDKs/MacOSX10.13.Internal.sdk/usr/local/libressl/lib -L/BuildRoot/Applications/Xcode.app/Contents/Developer/Platforms/MacOSX.platform/Developer/SDKs/MacOSX10.13.Internal.sdk/usr/local/lib   -arch x86_64 -arch i386   -lruby.2.3.0 -liconv  -lpthread -ldl -lobjc  "
ld: warning: directory not found for option '-L/opt/local/lib'
ld: warning: directory not found for option '-L/BuildRoot/Applications/Xcode.app/Contents/Developer/Platforms/MacOSX.platform/Developer/SDKs/MacOSX10.13.Internal.sdk/usr/local/libressl/lib'
ld: warning: directory not found for option '-L/BuildRoot/Applications/Xcode.app/Contents/Developer/Platforms/MacOSX.platform/Developer/SDKs/MacOSX10.13.Internal.sdk/usr/local/lib'
ld: warning: directory not found for option '-L/opt/local/lib'
ld: warning: directory not found for option '-L/BuildRoot/Applications/Xcode.app/Contents/Developer/Platforms/MacOSX.platform/Developer/SDKs/MacOSX10.13.Internal.sdk/usr/local/libressl/lib'
ld: warning: directory not found for option '-L/BuildRoot/Applications/Xcode.app/Contents/Developer/Platforms/MacOSX.platform/Developer/SDKs/MacOSX10.13.Internal.sdk/usr/local/lib'
checked program was:
/* begin */
 1: #include "ruby.h"
 2: 
 3: #include <iconv.h>
 4: 
 5: /*top*/
 6: extern int t(void);
 7: int main(int argc, char **argv)
 8: {
 9:   if (argc > 1000000) {
10:     printf("%p", &t);
11:   }
12: 
13:   return 0;
14: }
15: int t(void) { void ((*volatile p)()); p = (void ((*)()))iconv_open; return !p; }
/* end */

--------------------

find_library: checking for xmlParseDoc() in -lxml2... -------------------- no

"xcrun clang -o conftest -I/System/Library/Frameworks/Ruby.framework/Versions/2.3/usr/include/ruby-2.3.0/universal-darwin17 -I/System/Library/Frameworks/Ruby.framework/Versions/2.3/usr/include/ruby-2.3.0/ruby/backward -I/System/Library/Frameworks/Ruby.framework/Versions/2.3/usr/include/ruby-2.3.0 -I. -I/Applications/Xcode.app/Contents/Developer/Platforms/MacOSX.platform/Developer/SDKs/MacOSX10.13.sdk/usr/include/libxml2 -I/opt/local/include -I/usr/local/include -I/System/Library/Frameworks/Ruby.framework/Versions/2.3/usr/include -I/usr/include -I/usr/include/libxml2 -D_XOPEN_SOURCE -D_DARWIN_C_SOURCE -D_DARWIN_UNLIMITED_SELECT -D_REENTRANT    -g -Os -pipe -DHAVE_GCC_ATOMIC_BUILTINS -iwithsysroot /usr/local/libressl/include  -g -DXP_UNIX conftest.c  -L. -L/System/Library/Frameworks/Ruby.framework/Versions/2.3/usr/lib -L/usr/local/opt/libxml2/lib -L/opt/local/lib -L/usr/local/lib -L/System/Library/Frameworks/Ruby.framework/Versions/2.3/usr/lib -L/usr/lib -L.             -L /BuildRoot/Applications/Xcode.app/Contents/Developer/Platforms/MacOSX.platform/Developer/SDKs/MacOSX10.13.Internal.sdk/usr/local/libressl/lib -L/BuildRoot/Applications/Xcode.app/Contents/Developer/Platforms/MacOSX.platform/Developer/SDKs/MacOSX10.13.Internal.sdk/usr/local/lib   -arch x86_64 -arch i386  -liconv  -lruby.2.3.0 -lxml2 -liconv  -lpthread -ldl -lobjc  "
conftest.c:13:57: error: use of undeclared identifier 'xmlParseDoc'
int t(void) { void ((*volatile p)()); p = (void ((*)()))xmlParseDoc; return !p; }
                                                        ^
1 error generated.
checked program was:
/* begin */
 1: #include "ruby.h"
 2: 
 3: /*top*/
 4: extern int t(void);
 5: int main(int argc, char **argv)
 6: {
 7:   if (argc > 1000000) {
 8:     printf("%p", &t);
 9:   }
10: 
11:   return 0;
12: }
13: int t(void) { void ((*volatile p)()); p = (void ((*)()))xmlParseDoc; return !p; }
/* end */

"xcrun clang -o conftest -I/System/Library/Frameworks/Ruby.framework/Versions/2.3/usr/include/ruby-2.3.0/universal-darwin17 -I/System/Library/Frameworks/Ruby.framework/Versions/2.3/usr/include/ruby-2.3.0/ruby/backward -I/System/Library/Frameworks/Ruby.framework/Versions/2.3/usr/include/ruby-2.3.0 -I. -I/Applications/Xcode.app/Contents/Developer/Platforms/MacOSX.platform/Developer/SDKs/MacOSX10.13.sdk/usr/include/libxml2 -I/opt/local/include -I/usr/local/include -I/System/Library/Frameworks/Ruby.framework/Versions/2.3/usr/include -I/usr/include -I/usr/include/libxml2 -D_XOPEN_SOURCE -D_DARWIN_C_SOURCE -D_DARWIN_UNLIMITED_SELECT -D_REENTRANT    -g -Os -pipe -DHAVE_GCC_ATOMIC_BUILTINS -iwithsysroot /usr/local/libressl/include  -g -DXP_UNIX conftest.c  -L. -L/System/Library/Frameworks/Ruby.framework/Versions/2.3/usr/lib -L/usr/local/opt/libxml2/lib -L/opt/local/lib -L/usr/local/lib -L/System/Library/Frameworks/Ruby.framework/Versions/2.3/usr/lib -L/usr/lib -L.             -L /BuildRoot/Applications/Xcode.app/Contents/Developer/Platforms/MacOSX.platform/Developer/SDKs/MacOSX10.13.Internal.sdk/usr/local/libressl/lib -L/BuildRoot/Applications/Xcode.app/Contents/Developer/Platforms/MacOSX.platform/Developer/SDKs/MacOSX10.13.Internal.sdk/usr/local/lib   -arch x86_64 -arch i386  -liconv  -lruby.2.3.0 -lxml2 -liconv  -lpthread -ldl -lobjc  "
ld: warning: directory not found for option '-L/opt/local/lib'
ld: warning: directory not found for option '-L/BuildRoot/Applications/Xcode.app/Contents/Developer/Platforms/MacOSX.platform/Developer/SDKs/MacOSX10.13.Internal.sdk/usr/local/libressl/lib'
ld: warning: directory not found for option '-L/BuildRoot/Applications/Xcode.app/Contents/Developer/Platforms/MacOSX.platform/Developer/SDKs/MacOSX10.13.Internal.sdk/usr/local/lib'
ld: warning: directory not found for option '-L/opt/local/lib'
ld: warning: directory not found for option '-L/BuildRoot/Applications/Xcode.app/Contents/Developer/Platforms/MacOSX.platform/Developer/SDKs/MacOSX10.13.Internal.sdk/usr/local/libressl/lib'
ld: warning: directory not found for option '-L/BuildRoot/Applications/Xcode.app/Contents/Developer/Platforms/MacOSX.platform/Developer/SDKs/MacOSX10.13.Internal.sdk/usr/local/lib'
ld: warning: ignoring file /usr/local/opt/libxml2/lib/libxml2.dylib, file was built for x86_64 which is not the architecture being linked (i386): /usr/local/opt/libxml2/lib/libxml2.dylib
Undefined symbols for architecture i386:
  "_xmlParseDoc", referenced from:
      _t in conftest-c16f8b.o
ld: symbol(s) not found for architecture i386
clang: error: linker command failed with exit code 1 (use -v to see invocation)
checked program was:
/* begin */
 1: #include "ruby.h"
 2: 
 3: /*top*/
 4: extern int t(void);
 5: int main(int argc, char **argv)
 6: {
 7:   if (argc > 1000000) {
 8:     printf("%p", &t);
 9:   }
10: 
11:   return 0;
12: }
13: extern void xmlParseDoc();
14: int t(void) { xmlParseDoc(); return 0; }
/* end */

--------------------

