
[com.alfredapp.david.faves: [u''] (2014-01-31-17:11:00)]
[com.alfredapp.david.faves: [u''] (2014-01-31-17:12:06)]
[com.alfredapp.david.faves: [u'/Users/Tyler/Library/Application Support/Alfred 2/Workflow Data'] (2014-01-31-17:13:27)]
[com.alfredapp.david.faves: [u'/Applications/Python 2.7/Build Applet.app'] (2014-01-31-17:13:42)]
[com.alfredapp.david.faves: [u'/Users/Tyler/Library/Caches/com.runningwithcrayons.Alfred-2'] (2014-01-31-17:14:16)]
[com.alfredapp.david.faves: [u'/Applications/Utilities/AppleScript Editor.app'] (2014-01-31-17:15:04)]
[com.alfredapp.david.faves: [u'/Applications/Audacity.app'] (2014-01-31-17:15:39)]
[com.alfredapp.david.faves: [u'/Users/Tyler/Developer/Alfred-Extras/Workflows/Colors.alfredworkflow\t/Users/Tyler/Desktop/Colors v2.0.0.alfredworkflow\t/Users/Tyler/Developer/packal copy.alfredworkflow\t/Users/Tyler/Developer/packal copy/scripts/caffeinate_control.alfredworkflow\t/Users/Tyler/Developer/packal/scripts/caffeinate_control.alfredworkflow\t/Users/Tyler/Downloads/colors_v2.0.0-3.alfredworkflow\t/Users/Tyler/Downloads/colors_v2.0.0-2.alfredworkflow\t/Users/Tyler/Downloads/colors_v2.0.0.alfredworkflow\t/Users/Tyler/Developer/Alfred-Extras\t/Users/Tyler/Developer/Alfred-Extras/Workflows/Versions.alfredworkflow\t/Users/Tyler/Downloads/Colors.alfredworkflow\t/Users/Tyler/Downloads/Google.URL.Shortener.alfredworkflow\t/Users/Tyler/Downloads/Run Script.alfredworkflow\t/Users/Tyler/Developer/Alfred-Extras/Workflows/Archive.alfredworkflow\t/Users/Tyler/Developer/Alfred-Extras/Workflows/Wolfram|Alpha.alfredworkflow\t/Applications/Alfred 2.app\t/Users/Tyler/Downloads/Alfred.framework-master/Alfred.xcodeproj\t/Users/Tyler/Downloads/Alfred.framework-master/Alfred\t/Users/Tyler/Downloads/Alfred.framework-master'] (2014-01-31-17:23:07)]
[com.alfredapp.david.faves: [u'/Users/Tyler/Developer/Alfred-Extras/Workflows/Colors.alfredworkflow\t/Users/Tyler/Desktop/Colors v2.0.0.alfredworkflow\t/Users/Tyler/Developer/packal copy.alfredworkflow\t/Users/Tyler/Developer/packal copy/scripts/caffeinate_control.alfredworkflow\t/Users/Tyler/Developer/packal/scripts/caffeinate_control.alfredworkflow\t/Users/Tyler/Downloads/colors_v2.0.0-3.alfredworkflow\t/Users/Tyler/Downloads/colors_v2.0.0-2.alfredworkflow\t/Users/Tyler/Downloads/colors_v2.0.0.alfredworkflow\t/Users/Tyler/Developer/Alfred-Extras\t/Users/Tyler/Developer/Alfred-Extras/Workflows/Versions.alfredworkflow\t/Users/Tyler/Downloads/Colors.alfredworkflow\t/Users/Tyler/Downloads/Google.URL.Shortener.alfredworkflow\t/Users/Tyler/Downloads/Run Script.alfredworkflow\t/Users/Tyler/Developer/Alfred-Extras/Workflows/Archive.alfredworkflow\t/Users/Tyler/Developer/Alfred-Extras/Workflows/Wolfram|Alpha.alfredworkflow\t/Applications/Alfred 2.app\t/Users/Tyler/Downloads/Alfred.framework-master/Alfred.xcodeproj\t/Users/Tyler/Downloads/Alfred.framework-master/Alfred\t/Users/Tyler/Downloads/Alfred.framework-master'] (2014-01-31-20:03:18)]
[com.alfredapp.david.faves: [u'/Users/Tyler/Developer/Alfred-Extras/Workflows/Colors.alfredworkflow', u'/Users/Tyler/Desktop/Colors v2.0.0.alfredworkflow', u'/Users/Tyler/Developer/packal copy.alfredworkflow', u'/Users/Tyler/Developer/packal copy/scripts/caffeinate_control.alfredworkflow', u'/Users/Tyler/Developer/packal/scripts/caffeinate_control.alfredworkflow', u'/Users/Tyler/Downloads/colors_v2.0.0-3.alfredworkflow', u'/Users/Tyler/Downloads/colors_v2.0.0-2.alfredworkflow', u'/Users/Tyler/Downloads/colors_v2.0.0.alfredworkflow', u'/Users/Tyler/Developer/Alfred-Extras', u'/Users/Tyler/Developer/Alfred-Extras/Workflows/Versions.alfredworkflow', u'/Users/Tyler/Downloads/Colors.alfredworkflow', u'/Users/Tyler/Downloads/Google.URL.Shortener.alfredworkflow', u'/Users/Tyler/Downloads/Run Script.alfredworkflow', u'/Users/Tyler/Developer/Alfred-Extras/Workflows/Archive.alfredworkflow', u'/Users/Tyler/Developer/Alfred-Extras/Workflows/Wolfram|Alpha.alfredworkflow', u'/Applications/Alfred 2.app', u'/Users/Tyler/Downloads/Alfred.framework-master/Alfred.xcodeproj', u'/Users/Tyler/Downloads/Alfred.framework-master/Alfred', u'/Users/Tyler/Downloads/Alfred.framework-master'] (2014-01-31-20:06:44)]
[com.alfredapp.david.faves: [u'/Users/Tyler/Developer/Alfred-Extras'] (2014-01-31-20:07:00)]
[com.alfredapp.david.faves: [u'/Applications/AppCleaner.app'] (2014-01-31-20:07:16)]
[tylereich.favorites: [u'/Users/Tyler/Developer/Alfred-Extras/Workflows/Versions.alfredworkflow', u'/Users/Tyler/Developer/packal/scripts/caffeinate_control.alfredworkflow', u'/Users/Tyler/Developer/packal copy/scripts/caffeinate_control.alfredworkflow', u'/Users/Tyler/Desktop/Colors v2.0.0.alfredworkflow'] (2014-01-31-20:22:44)]
[tylereich.favorites: [u'/Users/Tyler/Developer/Alfred-Extras/Workflows/Versions.alfredworkflow', u'/Users/Tyler/Developer/packal/scripts/caffeinate_control.alfredworkflow', u'/Users/Tyler/Developer/packal copy/scripts/caffeinate_control.alfredworkflow', u'/Users/Tyler/Desktop/Colors v2.0.0.alfredworkflow'] (2014-01-31-20:24:31)]
[tylereich.favorites: [u'/Users/Tyler/Developer/Alfred-Extras/Workflows/Versions.alfredworkflow', u'/Users/Tyler/Developer/packal/scripts/caffeinate_control.alfredworkflow', u'/Users/Tyler/Developer/packal copy/scripts/caffeinate_control.alfredworkflow', u'/Users/Tyler/Desktop/Colors v2.0.0.alfredworkflow'] (2014-01-31-20:24:44)]
[com.alfredapp.david.faves: [u'/Users/tpierzina/svn/ucp/ucp-alfresco-liferay/ucp-olc-2017'] (2018-05-10-17:04:13)]
[com.alfredapp.david.faves: [u'/Users/tpierzina/svn/ucp/ucp-myinfinitec/ucp-olc-2017'] (2018-05-10-17:04:22)]
[com.alfredapp.david.faves: [u'/Users/tpierzina/svn/ucp/ucp-myinfinitec/ucp-olc-2017/other_code'] (2018-05-10-17:05:20)]
[com.alfredapp.david.faves: [u'/Users/tpierzina/svn/ucp/ucp-myinfinitec/ucp-olc-2017/other_code'] (2018-05-10-17:05:28)]
[com.alfredapp.david.faves: [u'/Users/tpierzina/Library/Application Support/Sublime Text 3'] (2018-05-10-17:06:30)]
[com.alfredapp.david.faves: [u'/Users/tpierzina/Drive/clients/aep'] (2018-05-11-09:50:28)]
[com.alfredapp.david.faves: [u'/Users/tpierzina/Drive/clients/aep'] (2018-05-11-09:50:44)]
[com.alfredapp.david.faves: [u'/Users/tpierzina/svn'] (2018-05-11-09:52:06)]
[com.alfredapp.david.faves: [u'/Users/tpierzina/Drive/clients'] (2018-05-11-09:52:33)]
[com.alfredapp.david.faves: [u'/Users/tpierzina/svn/ucp/ucp-alfresco-liferay/ucp-olc-2017'] (2018-05-11-09:53:59)]
[com.alfredapp.david.faves: [u'/Volumes/GoogleDrive/My Drive/clients/ucp/pm-status-ucp'] (2018-05-15-08:05:17)]
[com.alfredapp.david.faves: [u'/Users/tpierzina/Dropbox/bethany'] (2018-05-15-20:43:20)]
[com.alfredapp.david.faves: [u'/Volumes/GoogleDrive/My Drive/clients/mps'] (2018-05-22-07:32:54)]
